[fazar.bitbucket.io/index.html]
[backblue.gif]
[fade.gif]
[index.html]
[maxcdn.bootstrapcdn.com/font-awesome/4.7.0/css/font-awesome.min.css]
[code.ionicframework.com/ionicons/2.0.1/css/ionicons.min.css]
[fazar.bitbucket.io/styles/lib/chartist.min.css]
[fazar.bitbucket.io/styles/lib/bootstrap.min.css]
[fazar.bitbucket.io/styles/ncms.min.css]
[fazar.bitbucket.io/styles/site.min.css]
[fazar.bitbucket.io/styles/lib/icomoon.css]
[fazar.bitbucket.io/img/primary-logo.png]
[fazar.bitbucket.io/img/danger-logo.png]
[fazar.bitbucket.io/img/success-logo.png]
[fazar.bitbucket.io/img/warning-logo.png]
[fazar.bitbucket.io/img/info-logo.png]
[fazar.bitbucket.io/img/purple-logo.png]
[fazar.bitbucket.io/img/nadya-avatar.jpg]
[fazar.bitbucket.io/img/paolo-avatar.jpg]
[fazar.bitbucket.io/img/jonski-avatar.jpg]
[fazar.bitbucket.io/img/ragnar-avatar.jpg]
[fazar.bitbucket.io/img/amara-avatar.jpg]
[fazar.bitbucket.io/index1.html]
[fazar.bitbucket.io/index2.html]
[fazar.bitbucket.io/chartist-js.html]
[fazar.bitbucket.io/chart-js.html]
[fazar.bitbucket.io/flot-js.html]
[fazar.bitbucket.io/morris-js.html]
[fazar.bitbucket.io/compose.html]
[fazar.bitbucket.io/mailbox.html]
[fazar.bitbucket.io/mailbox-reply.html]
[fazar.bitbucket.io/mailbox-detail.html]
[fazar.bitbucket.io/simple-tables.html]
[fazar.bitbucket.io/data-tables.html]
[fazar.bitbucket.io/ui-general.html]
[fazar.bitbucket.io/ui-buttons.html]
[fazar.bitbucket.io/ui-typography.html]
[fazar.bitbucket.io/icons.html]
[fazar.bitbucket.io/cards.html]
[fazar.bitbucket.io/general-form.html]
[fazar.bitbucket.io/advanced-form.html]
[fazar.bitbucket.io/text-editor.html]
[fazar.bitbucket.io/login.html]
[fazar.bitbucket.io/register.html]
[fazar.bitbucket.io/register1.html]
[fazar.bitbucket.io/register2.html]
[fazar.bitbucket.io/register3.html]
[fazar.bitbucket.io/404page.html]
[fazar.bitbucket.io/500page.html]
[fazar.bitbucket.io/timeline.html]
[fazar.bitbucket.io/profile.html]
[fazar.bitbucket.io/comment.html]
[fazar.bitbucket.io/blank.html]
[fazar.bitbucket.io/email.html]
[fazar.bitbucket.io/email-clean.html]
[fazar.bitbucket.io/documentation/index.html]
[code.jquery.com/jquery-2.2.4.min.js]
[cdnjs.cloudflare.com/ajax/libs/tether/1.3.7/js/tether.min.js]
[maxcdn.bootstrapcdn.com/bootstrap/4.0.0-alpha.5/js/bootstrap.min.js]
[fazar.bitbucket.io/js/lib/jquery.flot.min.js]
[fazar.bitbucket.io/js/lib/jquery.flot.resize.min.js]
[fazar.bitbucket.io/js/lib/jquery.flot.time.min.js]
[fazar.bitbucket.io/js/lib/jquery.flot.pie.min.js]
[fazar.bitbucket.io/js/lib/jquery.nicescroll.js]
[fazar.bitbucket.io/js/lib/chart.min.js]
[fazar.bitbucket.io/js/lib/jquery.scrollUp.min.js]
[fazar.bitbucket.io/js/lib/js.cookie.js]
[fazar.bitbucket.io/js/lib/pace.min.js]
[fazar.bitbucket.io/js/ncms.min.js]
[fazar.bitbucket.io/js/site-config.js]
[fazar.bitbucket.io/js/pages/index.js]
[www.gstatic.com/charts/loader.js]
[fazar.bitbucket.io/index.html]
[maxcdn.bootstrapcdn.com/font-awesome/4.7.0/css/font-awesome.min.css]
[code.ionicframework.com/ionicons/2.0.1/css/ionicons.min.css]
[fazar.bitbucket.io/styles/lib/bootstrap.min.css]
[fazar.bitbucket.io/styles/lib/chartist.min.css]
[fazar.bitbucket.io/styles/fonts/opensans/opensans-light-webfont.woff2]
[fazar.bitbucket.io/styles/fonts/opensans/opensans-light-webfont.woff]
[fazar.bitbucket.io/styles/fonts/opensans/opensans-lightitalic-webfont.woff2]
[fazar.bitbucket.io/styles/fonts/opensans/opensans-lightitalic-webfont.woff]
[fazar.bitbucket.io/styles/fonts/opensans/opensans-regular-webfont.woff2]
[fazar.bitbucket.io/styles/fonts/opensans/opensans-regular-webfont.woff]
[fazar.bitbucket.io/styles/fonts/opensans/opensans-italic-webfont.woff2]
[fazar.bitbucket.io/styles/fonts/opensans/opensans-italic-webfont.woff]
[fazar.bitbucket.io/styles/fonts/opensans/opensans-semibold-webfont.woff2]
[fazar.bitbucket.io/styles/fonts/opensans/opensans-semibold-webfont.woff]
[fazar.bitbucket.io/styles/fonts/opensans/opensans-semibolditalic-webfont.woff2]
[fazar.bitbucket.io/styles/fonts/opensans/opensans-semibolditalic-webfont.woff]
[fazar.bitbucket.io/styles/fonts/opensans/opensans-bold-webfont.woff2]
[fazar.bitbucket.io/styles/fonts/opensans/opensans-bold-webfont.woff]
[fazar.bitbucket.io/styles/fonts/opensans/opensans-bolditalic-webfont.woff2]
[fazar.bitbucket.io/styles/fonts/opensans/opensans-bolditalic-webfont.woff]
[fazar.bitbucket.io/styles/fonts/material-icons/MaterialIcons-Regular.eot]
[fazar.bitbucket.io/styles/fonts/material-icons/MaterialIcons-Regular.woff2]
[fazar.bitbucket.io/styles/fonts/material-icons/MaterialIcons-Regular.woff]
[fazar.bitbucket.io/styles/fonts/material-icons/MaterialIcons-Regular.ttf]
[fazar.bitbucket.io/styles/fonts/bootstrap/glyphicons-halflings-regular.eot]
[fazar.bitbucket.io/styles/fonts/bootstrap/glyphicons-halflings-regulard41d.eot]
[fazar.bitbucket.io/styles/fonts/bootstrap/glyphicons-halflings-regular.woff2]
[fazar.bitbucket.io/styles/fonts/bootstrap/glyphicons-halflings-regular.woff]
[fazar.bitbucket.io/styles/fonts/bootstrap/glyphicons-halflings-regular.ttf]
[fazar.bitbucket.io/img/4044.jpg]
[fazar.bitbucket.io/img/bg-register4.jpg]
[fazar.bitbucket.io/img/yJl7OB3sSpOdEIpHhZhd_DSC_1929_1.jpg]
[fazar.bitbucket.io/styles/ncms.min.css]
[fazar.bitbucket.io/styles/lib/pace.min.css]
[fazar.bitbucket.io/img/personal-desk.jpg]
[fazar.bitbucket.io/styles/site.min.css]
[fazar.bitbucket.io/styles/fonts/icomoona64f.eot]
[fazar.bitbucket.io/styles/fonts/icomoona64f.ttf]
[fazar.bitbucket.io/styles/fonts/icomoona64f.woff]
[fazar.bitbucket.io/styles/lib/icomoon.css]
[fazar.bitbucket.io/styles/images/top.png]
[fazar.bitbucket.io/styles/lib/jquery.scrollUp.css]
[fazar.bitbucket.io/img/simon-avatar.jpg]
[fazar.bitbucket.io/img/iphone.jpg]
[fazar.bitbucket.io/img/samsung.jpg]
[fazar.bitbucket.io/img/macbook.jpg]
[fazar.bitbucket.io/img/ipad.jpg]
[fazar.bitbucket.io/img/imac.jpg]
[fazar.bitbucket.io/js/lib/chartist.min.js]
[fazar.bitbucket.io/index1.html]
[fazar.bitbucket.io/js/pages/index1.js]
[fazar.bitbucket.io/img/avatar.jpg]
[fazar.bitbucket.io/js/pages/index2.js]
[fazar.bitbucket.io/index2.html]
[fazar.bitbucket.io/js/lib/jquery.nicescroll.plus.js]
[fazar.bitbucket.io/js/lib/tinymce/tinymce.min.js]
[fazar.bitbucket.io/chartist-js.html]
[fazar.bitbucket.io/js/pages/chartist-js.js]
[fazar.bitbucket.io/chart-js.html]
[fazar.bitbucket.io/js/pages/chart-js.js]
[fazar.bitbucket.io/flot-js.html]
[fazar.bitbucket.io/js/pages/flot-js.js]
[fazar.bitbucket.io/js/lib/morris.min.js]
[fazar.bitbucket.io/js/lib/raphael.min.js]
[fazar.bitbucket.io/morris-js.html]
[fazar.bitbucket.io/js/pages/morris-js.js]
[fazar.bitbucket.io/js/pages/mailbox.js]
[fazar.bitbucket.io/compose.html]
[fazar.bitbucket.io/mailbox.html]
[fazar.bitbucket.io/mailbox-reply.html]
[fazar.bitbucket.io/img/pict3.jpg]
[fazar.bitbucket.io/img/pict11.jpg]
[fazar.bitbucket.io/img/pict1.jpg]
[fazar.bitbucket.io/mailbox-detail.html]
[fazar.bitbucket.io/simple-tables.html]
[fazar.bitbucket.io/styles/lib/datatables.net-dt/css/jquery.dataTables.min.css]
[fazar.bitbucket.io/img/user4.jpg]
[fazar.bitbucket.io/img/user3.jpg]
[fazar.bitbucket.io/data-tables.html]
[fazar.bitbucket.io/js/pages/data-tables.js]
[fazar.bitbucket.io/js/lib/jquery.dataTables.min.js]
[fazar.bitbucket.io/img/pict2.jpg]
[fazar.bitbucket.io/ui-general.html]
[fazar.bitbucket.io/js/lib/tether.min.js]
[fazar.bitbucket.io/js/lib/jquery.min.js]
[fazar.bitbucket.io/ui-buttons.html]
[fazar.bitbucket.io/js/lib/bootstrap.min.js]
[fazar.bitbucket.io/img/gremlin.jpg]
[fazar.bitbucket.io/ui-typography.html]
[fazar.bitbucket.io/icons.html]
[fazar.bitbucket.io/img/women-in-office.jpg]
[fazar.bitbucket.io/img/coding.jpg]
[fazar.bitbucket.io/img/coffee.jpg]
[fazar.bitbucket.io/img/holidays.jpg]
[fazar.bitbucket.io/img/coffee-house.jpg]
[fazar.bitbucket.io/cards.html]
[fazar.bitbucket.io/general-form.html]
[fazar.bitbucket.io/styles/lib/select2.min.css]
[fazar.bitbucket.io/styles/lib/select2-skins.css]
[fazar.bitbucket.io/styles/lib/bootstrap-datetimepicker.min.css]
[fazar.bitbucket.io/styles/lib/colorpicker.css]
[fazar.bitbucket.io/js/lib/jquery.inputmask.bundle.min.js]
[fazar.bitbucket.io/js/lib/moment.min.js]
[fazar.bitbucket.io/js/lib/bootstrap-datetimepicker.min.js]
[fazar.bitbucket.io/js/lib/select2.full.min.js]
[fazar.bitbucket.io/js/lib/colorpicker/colorpicker.js]
[fazar.bitbucket.io/advanced-form.html]
[fazar.bitbucket.io/js/pages/advanced-form.js]
[fazar.bitbucket.io/js/pages/text-editor.js]
[fazar.bitbucket.io/text-editor.html]
[fazar.bitbucket.io/login.html]
[fazar.bitbucket.io/register.html]
[fazar.bitbucket.io/register1.html]
[fazar.bitbucket.io/register2.html]
[fazar.bitbucket.io/register3.html]
[fazar.bitbucket.io/404page.html]
[fazar.bitbucket.io/500page.html]
[fazar.bitbucket.io/js/lib/jquery.mCustomScrollbar.concat.min.js]
[fazar.bitbucket.io/timeline.html]
[platform.twitter.com/widgets.js]
[fazar.bitbucket.io/js/lib/ckeditor/ckeditor.js]
[fazar.bitbucket.io/img/pict31.jpg]
[fazar.bitbucket.io/profile.html]
[fazar.bitbucket.io/comment.html]
[fazar.bitbucket.io/blank.html]
[fazar.bitbucket.io/email.html]
[fazar.bitbucket.io/email-clean.html]
[fazar.bitbucket.io/documentation/css/style.css]
[fazar.bitbucket.io/documentation/css/prettify.css]
[fazar.bitbucket.io/documentation/img/icon.png]
[fazar.bitbucket.io/documentation/img/download.png]
[fazar.bitbucket.io/documentation/js/prettify/prettify.js]
[fazar.bitbucket.io/documentation/js/jquery.min.js]
[fazar.bitbucket.io/documentation/index.html]
[fazar.bitbucket.io/documentation/js/layout.js]
[fazar.bitbucket.io/styles/fonts/bootstrap/glyphicons-halflings-regular.svg]
[maxcdn.bootstrapcdn.com/bootstrap/4.0.0-alpha.5/css/bootstrap.min.css]
[cdnjs.cloudflare.com/ajax/libs/foundicons/3.0.0/foundation-icons.min.css]
[fazar.bitbucket.io/styles/fonts/icomoona64f.svg]
[fazar.bitbucket.io/profile/index.html]
[fazar.bitbucket.io/img/personal-desk.jpg]
[fazar.bitbucket.io/styles/fonts/material-icons/MaterialIcons-Regular.woff]
[fazar.bitbucket.io/styles/lib/datatables.net-dt/images/sort_both.png]
[fazar.bitbucket.io/styles/lib/datatables.net-dt/images/sort_asc.png]
[fazar.bitbucket.io/styles/lib/datatables.net-dt/images/sort_desc.png]
[fazar.bitbucket.io/styles/lib/datatables.net-dt/images/sort_asc_disabled.png]
[fazar.bitbucket.io/styles/lib/datatables.net-dt/images/sort_desc_disabled.png]
[fazar.bitbucket.io/styles/lib/datatables.net-dt/css/jquery.dataTables.min.css]
[fazar.bitbucket.io/styles/lib/select2.min.css]
[fazar.bitbucket.io/styles/lib/select2-skins.css]
[fazar.bitbucket.io/styles/lib/bootstrap-datetimepicker.min.css]
[fazar.bitbucket.io/styles/images/colorpicker_background.png]
[fazar.bitbucket.io/styles/images/colorpicker_overlay.png]
[fazar.bitbucket.io/styles/images/colorpicker_select.gif]
[fazar.bitbucket.io/styles/images/colorpicker_indic.gif]
[fazar.bitbucket.io/styles/images/colorpicker_hex.png]
[fazar.bitbucket.io/styles/images/colorpicker_rgb_r.png]
[fazar.bitbucket.io/styles/images/colorpicker_rgb_g.png]
[fazar.bitbucket.io/styles/images/colorpicker_rgb_b.png]
[fazar.bitbucket.io/styles/images/colorpicker_hsb_h.png]
[fazar.bitbucket.io/styles/images/colorpicker_hsb_s.png]
[fazar.bitbucket.io/styles/images/colorpicker_hsb_b.png]
[fazar.bitbucket.io/styles/images/colorpicker_submit.png]
[fazar.bitbucket.io/styles/lib/colorpicker.css]
[fazar.bitbucket.io/documentation/feed/index.html]
[fazar.bitbucket.io/documentation/css/style.css]
[fazar.bitbucket.io/documentation/css/bootstrap.css]
[fazar.bitbucket.io/documentation/css/prettify.css]
[fazar.bitbucket.io/documentation/img/npm-install.png]
[fazar.bitbucket.io/documentation/img/border.png]
[fazar.bitbucket.io/documentation/img/width.png]
[fazar.bitbucket.io/documentation/img/timeline.png]
[fazar.bitbucket.io/documentation/img/card-success.png]
[fazar.bitbucket.io/documentation/img/card-purple.png]
[fazar.bitbucket.io/documentation/img/card-warning.png]
[fazar.bitbucket.io/documentation/img/card-danger.png]
[fazar.bitbucket.io/documentation/img/card-reverse.png]
[fazar.bitbucket.io/documentation/img/card-reminder.png]
[fazar.bitbucket.io/documentation/img/card-header.png]
[fazar.bitbucket.io/documentation/img/card-footer.png]
[fazar.bitbucket.io/documentation/img/card-image-as-background.png]
[fazar.bitbucket.io/documentation/img/card-profile.png]
[fazar.bitbucket.io/documentation/img/scroll.png]
[fazar.bitbucket.io/documentation/img/arkalite.png]
[google-code-prettify.googlecode.com/svn/loader/run_prettify174a.html]
[cdnjs.cloudflare.com/ajax/libs/foundicons/3.0.0/foundation-icons.eot]
[cdnjs.cloudflare.com/ajax/libs/foundicons/3.0.0/foundation-iconsd41d.eot]
[cdnjs.cloudflare.com/ajax/libs/foundicons/3.0.0/foundation-icons.woff]
[cdnjs.cloudflare.com/ajax/libs/foundicons/3.0.0/foundation-icons.min.css]
[maxcdn.bootstrapcdn.com/bootstrap/4.0.0-alpha.5/css/bootstrap.min.css]
[cdnjs.cloudflare.com/ajax/libs/foundicons/3.0.0/foundation-icons.ttf]
[cdnjs.cloudflare.com/ajax/libs/foundicons/3.0.0/foundation-icons.svg]
[cdnjs.cloudflare.com/ajax/libs/foundicons/3.0.0/foundation-icons.svg]
